/* just put timestamps for daily reminder */
/* untimed shit */

/* Long term */

/* celestial event */
/*   lunar eclispe: https://www.timeanddate.com/eclipse/list.html?region=indian-ocean */

/* shows */
/* 10 Apr 2026 0800 = the boys s5 */
/* 13 Apr 2026 0800 = euphoria */
25 May 2026 0800 = rick and morty s9

/* assignments */
/* 01 May 2026 0800 = comp final project */
/* 04 May 2026 0800 = sm1 endsem */
/* 26 Apr 2026 0800 = comp matrix inversion assignment submission */
/* 28 Apr 2026 0800 = comp matrix inversion project submission */
/* 26 Apr 2026 0800 = cmp LJ liquid simulation */
/* 26 Apr 2026 0800 = return books to library */
31 May 2026 0800 = mail mani about progress
31 May 2026 0800 = order books

/* others */

/* set from commandline */
